// Jest Snapshot v1, https://goo.gl/fbAQLP

exports[`react-docgen-external-proptypes-handler processes all props for component-imports-external-proptype 1`] = `
Object {
  "description": "",
  "displayName": "ComponentImportsExternalPropType",
  "methods": Array [],
  "props": Object {
    "externalPropType": Object {
      "description": "Comment for externalPropType.",
      "required": false,
      "type": Object {
        "name": "custom",
        "raw": "PropTypes.string",
      },
    },
  },
}
`;

exports[`react-docgen-external-proptypes-handler processes all props for component-imports-external-values-for-enum 1`] = `
Object {
  "description": "",
  "displayName": "ComponentImportsExternalValuesForEnum",
  "methods": Array [],
  "props": Object {
    "enum": Object {
      "description": "Comment for enum.",
      "required": false,
      "type": Object {
        "name": "enum",
        "value": Array [
          Object {
            "computed": true,
            "value": "VALUES.STRING",
          },
          Object {
            "computed": true,
            "value": "VALUES.NUMBER",
          },
          Object {
            "computed": true,
            "value": "VALUES.BOOL",
          },
        ],
      },
    },
    "enumList": Object {
      "description": "Comment for enumList.",
      "required": false,
      "type": Object {
        "computed": true,
        "name": "enum",
        "value": "ENUM",
      },
    },
    "notAnEnum": Object {
      "description": "Comment for notAnEnum.",
      "required": true,
      "type": Object {
        "name": "node",
      },
    },
  },
}
`;
